Today it is Samedi (2020-09-12), it is a "non ouvr√©" day.
And the best zones to live in as a lazy French person this year are :  [
  "alsace-moselle",
  "guadeloupe",
  "guyane",
  "martinique",
  "mayotte",
  "saint-barthelemy",
  "saint-martin"
]
